Archive member included because of file (symbol)

c:/winavr-20100110/bin/../lib/gcc/avr/4.3.3/avr5\libgcc.a(_exit.o)
                              c:/winavr-20100110/bin/../lib/gcc/avr/4.3.3/../../../../avr/lib/avr5/crtm32.o (exit)

Memory Configuration

Name             Origin             Length             Attributes
text             0x00000000         0x00020000         xr
data             0x00800060         0x0000ffa0         rw !x
eeprom           0x00810000         0x00010000         rw !x
fuse             0x00820000         0x00000400         rw !x
lock             0x00830000         0x00000400         rw !x
signature        0x00840000         0x00000400         rw !x
*default*        0x00000000         0xffffffff

Linker script and memory map

LOAD c:/winavr-20100110/bin/../lib/gcc/avr/4.3.3/../../../../avr/lib/avr5/crtm32.o
LOAD ./03-App/main.o
LOAD ./02-Source/02-HAL/MOTOR_DRIVER/Src/Motor_Driver.o
LOAD ./02-Source/02-HAL/LED/Src/Led.o
LOAD ./02-Source/02-HAL/BUTTON/Src/Button.o
LOAD ./02-Source/01-MCAL/UART/Src/Uart.o
LOAD ./02-Source/01-MCAL/SPI/Src/Spi.o
LOAD ./02-Source/01-MCAL/INTERRUPTS/Src/Interrupts.o
LOAD ./02-Source/01-MCAL/EEPROM/Src/Eeprom.o
LOAD ./02-Source/01-MCAL/DIO/Src/Dio.o
LOAD ./01-Doc/SourceFileTemplate.o
LOAD c:/winavr-20100110/bin/../lib/gcc/avr/4.3.3/avr5\libgcc.a
LOAD c:/winavr-20100110/bin/../lib/gcc/avr/4.3.3/../../../../avr/lib/avr5\libc.a
LOAD c:/winavr-20100110/bin/../lib/gcc/avr/4.3.3/avr5\libgcc.a

.hash
 *(.hash)

.dynsym
 *(.dynsym)

.dynstr
 *(.dynstr)

.gnu.version
 *(.gnu.version)

.gnu.version_d
 *(.gnu.version_d)

.gnu.version_r
 *(.gnu.version_r)

.rel.init
 *(.rel.init)

.rela.init
 *(.rela.init)

.rel.text
 *(.rel.text)
 *(.rel.text.*)
 *(.rel.gnu.linkonce.t*)

.rela.text
 *(.rela.text)
 *(.rela.text.*)
 *(.rela.gnu.linkonce.t*)

.rel.fini
 *(.rel.fini)

.rela.fini
 *(.rela.fini)

.rel.rodata
 *(.rel.rodata)
 *(.rel.rodata.*)
 *(.rel.gnu.linkonce.r*)

.rela.rodata
 *(.rela.rodata)
 *(.rela.rodata.*)
 *(.rela.gnu.linkonce.r*)

.rel.data
 *(.rel.data)
 *(.rel.data.*)
 *(.rel.gnu.linkonce.d*)

.rela.data
 *(.rela.data)
 *(.rela.data.*)
 *(.rela.gnu.linkonce.d*)

.rel.ctors
 *(.rel.ctors)

.rela.ctors
 *(.rela.ctors)

.rel.dtors
 *(.rel.dtors)

.rela.dtors
 *(.rela.dtors)

.rel.got
 *(.rel.got)

.rela.got
 *(.rela.got)

.rel.bss
 *(.rel.bss)

.rela.bss
 *(.rela.bss)

.rel.plt
 *(.rel.plt)

.rela.plt
 *(.rela.plt)

.text           0x00000000     0x1224
 *(.vectors)
 .vectors       0x00000000       0x54 c:/winavr-20100110/bin/../lib/gcc/avr/4.3.3/../../../../avr/lib/avr5/crtm32.o
                0x00000000                __vectors
                0x00000000                __vector_default
 *(.vectors)
 *(.progmem.gcc*)
 *(.progmem*)
                0x00000054                . = ALIGN (0x2)
                0x00000054                __trampolines_start = .
 *(.trampolines)
 .trampolines   0x00000054        0x0 linker stubs
 *(.trampolines*)
                0x00000054                __trampolines_end = .
 *(.jumptables)
 *(.jumptables*)
 *(.lowtext)
 *(.lowtext*)
                0x00000054                __ctors_start = .
 *(.ctors)
                0x00000054                __ctors_end = .
                0x00000054                __dtors_start = .
 *(.dtors)
                0x00000054                __dtors_end = .
 SORT(*)(.ctors)
 SORT(*)(.dtors)
 *(.init0)
 .init0         0x00000054        0x0 c:/winavr-20100110/bin/../lib/gcc/avr/4.3.3/../../../../avr/lib/avr5/crtm32.o
                0x00000054                __init
 *(.init0)
 *(.init1)
 *(.init1)
 *(.init2)
 .init2         0x00000054        0xc c:/winavr-20100110/bin/../lib/gcc/avr/4.3.3/../../../../avr/lib/avr5/crtm32.o
 *(.init2)
 *(.init3)
 *(.init3)
 *(.init4)
 *(.init4)
 *(.init5)
 *(.init5)
 *(.init6)
 *(.init6)
 *(.init7)
 *(.init7)
 *(.init8)
 *(.init8)
 *(.init9)
 .init9         0x00000060        0x8 c:/winavr-20100110/bin/../lib/gcc/avr/4.3.3/../../../../avr/lib/avr5/crtm32.o
 *(.init9)
 *(.text)
 .text          0x00000068        0x4 c:/winavr-20100110/bin/../lib/gcc/avr/4.3.3/../../../../avr/lib/avr5/crtm32.o
                0x00000068                __vector_1
                0x00000068                __vector_12
                0x00000068                __bad_interrupt
                0x00000068                __vector_6
                0x00000068                __vector_3
                0x00000068                __vector_11
                0x00000068                __vector_13
                0x00000068                __vector_17
                0x00000068                __vector_19
                0x00000068                __vector_7
                0x00000068                __vector_5
                0x00000068                __vector_4
                0x00000068                __vector_9
                0x00000068                __vector_2
                0x00000068                __vector_15
                0x00000068                __vector_8
                0x00000068                __vector_14
                0x00000068                __vector_10
                0x00000068                __vector_16
                0x00000068                __vector_18
                0x00000068                __vector_20
 .text          0x0000006c        0x0 ./03-App/main.o
 .text          0x0000006c        0x0 ./02-Source/02-HAL/MOTOR_DRIVER/Src/Motor_Driver.o
 .text          0x0000006c        0x0 ./02-Source/02-HAL/LED/Src/Led.o
 .text          0x0000006c        0x0 ./02-Source/02-HAL/BUTTON/Src/Button.o
 .text          0x0000006c        0x0 ./02-Source/01-MCAL/UART/Src/Uart.o
 .text          0x0000006c        0x0 ./02-Source/01-MCAL/SPI/Src/Spi.o
 .text          0x0000006c        0x0 ./02-Source/01-MCAL/INTERRUPTS/Src/Interrupts.o
 .text          0x0000006c        0x0 ./02-Source/01-MCAL/EEPROM/Src/Eeprom.o
 .text          0x0000006c        0x0 ./02-Source/01-MCAL/DIO/Src/Dio.o
 .text          0x0000006c        0x0 ./01-Doc/SourceFileTemplate.o
 .text          0x0000006c        0x0 c:/winavr-20100110/bin/../lib/gcc/avr/4.3.3/avr5\libgcc.a(_exit.o)
                0x0000006c                . = ALIGN (0x2)
 *(.text.*)
 .text.main     0x0000006c       0x44 ./03-App/main.o
                0x0000006c                main
 .text.Motors_Init
                0x000000b0       0x4a ./02-Source/02-HAL/MOTOR_DRIVER/Src/Motor_Driver.o
                0x000000b0                Motors_Init
 .text.Motors_Forward
                0x000000fa       0x4a ./02-Source/02-HAL/MOTOR_DRIVER/Src/Motor_Driver.o
                0x000000fa                Motors_Forward
 .text.Motors_Backward
                0x00000144       0x4a ./02-Source/02-HAL/MOTOR_DRIVER/Src/Motor_Driver.o
                0x00000144                Motors_Backward
 .text.Motors_Stop
                0x0000018e       0x4a ./02-Source/02-HAL/MOTOR_DRIVER/Src/Motor_Driver.o
                0x0000018e                Motors_Stop
 .text.Led_TurnON
                0x000001d8       0x34 ./02-Source/02-HAL/LED/Src/Led.o
                0x000001d8                Led_TurnON
 .text.Led_TurnOFF
                0x0000020c       0x34 ./02-Source/02-HAL/LED/Src/Led.o
                0x0000020c                Led_TurnOFF
 .text.Led_Toggle
                0x00000240       0x30 ./02-Source/02-HAL/LED/Src/Led.o
                0x00000240                Led_Toggle
 .text.Led_Init
                0x00000270       0x22 ./02-Source/02-HAL/LED/Src/Led.o
                0x00000270                Led_Init
 .text.Button_Read
                0x00000292       0x30 ./02-Source/02-HAL/BUTTON/Src/Button.o
                0x00000292                Button_Read
 .text.Button_Init
                0x000002c2       0x18 ./02-Source/02-HAL/BUTTON/Src/Button.o
                0x000002c2                Button_Init
 .text.UART_Init
                0x000002da      0x296 ./02-Source/01-MCAL/UART/Src/Uart.o
                0x000002da                UART_Init
 .text.UART_TransmitChr
                0x00000570       0x2e ./02-Source/01-MCAL/UART/Src/Uart.o
                0x00000570                UART_TransmitChr
 .text.UART_TransmitStr
                0x0000059e       0x38 ./02-Source/01-MCAL/UART/Src/Uart.o
                0x0000059e                UART_TransmitStr
 .text.UART_ReceiveChr
                0x000005d6       0x1e ./02-Source/01-MCAL/UART/Src/Uart.o
                0x000005d6                UART_ReceiveChr
 .text.SPI_vInitMaster
                0x000005f4       0x2a ./02-Source/01-MCAL/SPI/Src/Spi.o
                0x000005f4                SPI_vInitMaster
 .text.SPI_vInitSlave
                0x0000061e       0x2a ./02-Source/01-MCAL/SPI/Src/Spi.o
                0x0000061e                SPI_vInitSlave
 .text.SPI_ui8TransmitRecieve
                0x00000648       0x38 ./02-Source/01-MCAL/SPI/Src/Spi.o
                0x00000648                SPI_ui8TransmitRecieve
 .text.Global_Interrupt_En
                0x00000680       0x1c ./02-Source/01-MCAL/INTERRUPTS/Src/Interrupts.o
                0x00000680                Global_Interrupt_En
 .text.Global_Interrupt_Dis
                0x0000069c       0x1c ./02-Source/01-MCAL/INTERRUPTS/Src/Interrupts.o
                0x0000069c                Global_Interrupt_Dis
 .text.Ext_Interrupt_Enable
                0x000006b8       0x6e ./02-Source/01-MCAL/INTERRUPTS/Src/Interrupts.o
                0x000006b8                Ext_Interrupt_Enable
 .text.Ext_Interrupt_Disable
                0x00000726       0x6e ./02-Source/01-MCAL/INTERRUPTS/Src/Interrupts.o
                0x00000726                Ext_Interrupt_Disable
 .text.Ext_Interrupt_Config
                0x00000794      0x196 ./02-Source/01-MCAL/INTERRUPTS/Src/Interrupts.o
                0x00000794                Ext_Interrupt_Config
 .text.EEPROM_Write
                0x0000092a       0x6a ./02-Source/01-MCAL/EEPROM/Src/Eeprom.o
                0x0000092a                EEPROM_Write
 .text.EEPROM_Read
                0x00000994       0x54 ./02-Source/01-MCAL/EEPROM/Src/Eeprom.o
                0x00000994                EEPROM_Read
 .text.Dio_CONFIGChannel
                0x000009e8      0x1c6 ./02-Source/01-MCAL/DIO/Src/Dio.o
                0x000009e8                Dio_CONFIGChannel
 .text.Dio_WRITEChannel
                0x00000bae      0x1c6 ./02-Source/01-MCAL/DIO/Src/Dio.o
                0x00000bae                Dio_WRITEChannel
 .text.Dio_TOGGLEChannel
                0x00000d74       0xfa ./02-Source/01-MCAL/DIO/Src/Dio.o
                0x00000d74                Dio_TOGGLEChannel
 .text.Dio_ReadChannel
                0x00000e6e      0x12e ./02-Source/01-MCAL/DIO/Src/Dio.o
                0x00000e6e                Dio_ReadChannel
 .text.Dio_CONFIGChannelGroup
                0x00000f9c      0x11a ./02-Source/01-MCAL/DIO/Src/Dio.o
                0x00000f9c                Dio_CONFIGChannelGroup
 .text.Dio_WRITEChannelGroup
                0x000010b6      0x16a ./02-Source/01-MCAL/DIO/Src/Dio.o
                0x000010b6                Dio_WRITEChannelGroup
 .text.libgcc   0x00001220        0x0 c:/winavr-20100110/bin/../lib/gcc/avr/4.3.3/avr5\libgcc.a(_exit.o)
                0x00001220                . = ALIGN (0x2)
 *(.fini9)
 .fini9         0x00001220        0x0 c:/winavr-20100110/bin/../lib/gcc/avr/4.3.3/avr5\libgcc.a(_exit.o)
                0x00001220                exit
                0x00001220                _exit
 *(.fini9)
 *(.fini8)
 *(.fini8)
 *(.fini7)
 *(.fini7)
 *(.fini6)
 *(.fini6)
 *(.fini5)
 *(.fini5)
 *(.fini4)
 *(.fini4)
 *(.fini3)
 *(.fini3)
 *(.fini2)
 *(.fini2)
 *(.fini1)
 *(.fini1)
 *(.fini0)
 .fini0         0x00001220        0x4 c:/winavr-20100110/bin/../lib/gcc/avr/4.3.3/avr5\libgcc.a(_exit.o)
 *(.fini0)
                0x00001224                _etext = .

.data           0x00800060        0x0 load address 0x00001224
                0x00800060                PROVIDE (__data_start, .)
 *(.data)
 .data          0x00800060        0x0 c:/winavr-20100110/bin/../lib/gcc/avr/4.3.3/../../../../avr/lib/avr5/crtm32.o
 .data          0x00800060        0x0 ./03-App/main.o
 .data          0x00800060        0x0 ./02-Source/02-HAL/MOTOR_DRIVER/Src/Motor_Driver.o
 .data          0x00800060        0x0 ./02-Source/02-HAL/LED/Src/Led.o
 .data          0x00800060        0x0 ./02-Source/02-HAL/BUTTON/Src/Button.o
 .data          0x00800060        0x0 ./02-Source/01-MCAL/UART/Src/Uart.o
 .data          0x00800060        0x0 ./02-Source/01-MCAL/SPI/Src/Spi.o
 .data          0x00800060        0x0 ./02-Source/01-MCAL/INTERRUPTS/Src/Interrupts.o
 .data          0x00800060        0x0 ./02-Source/01-MCAL/EEPROM/Src/Eeprom.o
 .data          0x00800060        0x0 ./02-Source/01-MCAL/DIO/Src/Dio.o
 .data          0x00800060        0x0 ./01-Doc/SourceFileTemplate.o
 .data          0x00800060        0x0 c:/winavr-20100110/bin/../lib/gcc/avr/4.3.3/avr5\libgcc.a(_exit.o)
 *(.data*)
 *(.rodata)
 *(.rodata*)
 *(.gnu.linkonce.d*)
                0x00800060                . = ALIGN (0x2)
                0x00800060                _edata = .
                0x00800060                PROVIDE (__data_end, .)

.bss            0x00800060        0x0
                0x00800060                PROVIDE (__bss_start, .)
 *(.bss)
 .bss           0x00800060        0x0 c:/winavr-20100110/bin/../lib/gcc/avr/4.3.3/../../../../avr/lib/avr5/crtm32.o
 .bss           0x00800060        0x0 ./03-App/main.o
 .bss           0x00800060        0x0 ./02-Source/02-HAL/MOTOR_DRIVER/Src/Motor_Driver.o
 .bss           0x00800060        0x0 ./02-Source/02-HAL/LED/Src/Led.o
 .bss           0x00800060        0x0 ./02-Source/02-HAL/BUTTON/Src/Button.o
 .bss           0x00800060        0x0 ./02-Source/01-MCAL/UART/Src/Uart.o
 .bss           0x00800060        0x0 ./02-Source/01-MCAL/SPI/Src/Spi.o
 .bss           0x00800060        0x0 ./02-Source/01-MCAL/INTERRUPTS/Src/Interrupts.o
 .bss           0x00800060        0x0 ./02-Source/01-MCAL/EEPROM/Src/Eeprom.o
 .bss           0x00800060        0x0 ./02-Source/01-MCAL/DIO/Src/Dio.o
 .bss           0x00800060        0x0 ./01-Doc/SourceFileTemplate.o
 .bss           0x00800060        0x0 c:/winavr-20100110/bin/../lib/gcc/avr/4.3.3/avr5\libgcc.a(_exit.o)
 *(.bss*)
 *(COMMON)
                0x00800060                PROVIDE (__bss_end, .)
                0x00001224                __data_load_start = LOADADDR (.data)
                0x00001224                __data_load_end = (__data_load_start + SIZEOF (.data))

.noinit         0x00800060        0x0
                0x00800060                PROVIDE (__noinit_start, .)
 *(.noinit*)
                0x00800060                PROVIDE (__noinit_end, .)
                0x00800060                _end = .
                0x00800060                PROVIDE (__heap_start, .)

.eeprom         0x00810000        0x0
 *(.eeprom*)
                0x00810000                __eeprom_end = .

.fuse
 *(.fuse)
 *(.lfuse)
 *(.hfuse)
 *(.efuse)

.lock
 *(.lock*)

.signature
 *(.signature*)

.stab           0x00000000     0x1f5c
 *(.stab)
 .stab          0x00000000      0x570 ./03-App/main.o
 .stab          0x00000570      0x2d0 ./02-Source/02-HAL/MOTOR_DRIVER/Src/Motor_Driver.o
                                0x3b4 (size before relaxing)
 .stab          0x00000840      0x270 ./02-Source/02-HAL/LED/Src/Led.o
                                0x378 (size before relaxing)
 .stab          0x00000ab0      0x210 ./02-Source/02-HAL/BUTTON/Src/Button.o
                                0x2f4 (size before relaxing)
 .stab          0x00000cc0      0x3fc ./02-Source/01-MCAL/UART/Src/Uart.o
                                0x510 (size before relaxing)
 .stab          0x000010bc      0x234 ./02-Source/01-MCAL/SPI/Src/Spi.o
                                0x42c (size before relaxing)
 .stab          0x000012f0      0x3fc ./02-Source/01-MCAL/INTERRUPTS/Src/Interrupts.o
                                0x474 (size before relaxing)
 .stab          0x000016ec      0x1ec ./02-Source/01-MCAL/EEPROM/Src/Eeprom.o
                                0x264 (size before relaxing)
 .stab          0x000018d8      0x5ac ./02-Source/01-MCAL/DIO/Src/Dio.o
                                0x690 (size before relaxing)
 .stab          0x00001e84       0xd8 ./01-Doc/SourceFileTemplate.o
                                 0xe4 (size before relaxing)

.stabstr        0x00000000     0x1736
 *(.stabstr)
 .stabstr       0x00000000     0x1736 ./03-App/main.o

.stab.excl
 *(.stab.excl)

.stab.exclstr
 *(.stab.exclstr)

.stab.index
 *(.stab.index)

.stab.indexstr
 *(.stab.indexstr)

.comment
 *(.comment)

.debug
 *(.debug)

.line
 *(.line)

.debug_srcinfo
 *(.debug_srcinfo)

.debug_sfnames
 *(.debug_sfnames)

.debug_aranges
 *(.debug_aranges)

.debug_pubnames
 *(.debug_pubnames)

.debug_info
 *(.debug_info)
 *(.gnu.linkonce.wi.*)

.debug_abbrev
 *(.debug_abbrev)

.debug_line
 *(.debug_line)

.debug_frame
 *(.debug_frame)

.debug_str
 *(.debug_str)

.debug_loc
 *(.debug_loc)

.debug_macinfo
 *(.debug_macinfo)
OUTPUT(Smart_Room.elf elf32-avr)
LOAD linker stubs
